quoteMint with 1724527070568
quoteMint returned 867169830780839137999339
--------------------------------
quoteMint with 4663
quoteMint returned 8
--------------------------------
quoteMint with 424337634
quoteMint returned 69
--------------------------------
quoteMint with 2
quoteMint returned 7116259616610640614121516779980
--------------------------------
quoteMint with 5517
quoteMint reverted
--------------------------------
quoteMint with 90
quoteMint reverted
--------------------------------
quoteMint with 8636
quoteMint reverted
--------------------------------
quoteMint with 968256042389
quoteMint returned 14399227504344490199707820862272728895697932621046330541894918088
--------------------------------
quoteMint with 2046
quoteMint reverted
--------------------------------
quoteMint with 1560
quoteMint reverted
--------------------------------
quoteMint with 0
quoteMint reverted
--------------------------------
quoteMint with 0
quoteMint reverted
--------------------------------
quoteMint with 864959206120
quoteMint returned 16547477344491
--------------------------------
quoteMint with 8334
quoteMint returned 2454593272799000000
--------------------------------
quoteMint with 10052
quoteMint reverted
--------------------------------
quoteMint with 313637971435
quoteMint reverted
--------------------------------
quoteMint with 1858436639
quoteMint reverted
--------------------------------
quoteMint with 1934
quoteMint reverted
--------------------------------
quoteMint with 2710
quoteMint returned 504292
--------------------------------
quoteMint with 2080701432726
quoteMint returned 609417981072339405300000000
--------------------------------
quoteMint with 1744
quoteMint reverted
--------------------------------
quoteMint with 160
quoteMint reverted
--------------------------------
quoteMint with 14840
quoteMint returned 4371173263168000000
--------------------------------
quoteMint with 15
quoteMint reverted
--------------------------------
quoteMint with 2465
quoteMint reverted
--------------------------------
quoteMint with 261987
quoteMint returned 77171667910042000000
--------------------------------
quoteMint with 579223543549
quoteMint returned 170343731191952335711000000
--------------------------------
quoteMint with 2677
quoteMint reverted
--------------------------------
quoteMint with 1785
quoteMint reverted
--------------------------------
quoteMint with 1126
quoteMint returned 6585799
--------------------------------
quoteMint with 1887684
quoteMint returned 2778875692607314212277361376360658297107913273647643857038361775168460532217
--------------------------------
quoteMint with 34205726783
quoteMint returned 10074784514765423383000000
--------------------------------
quoteMint with 3986
quoteMint reverted
--------------------------------
quoteMint with 3335967817316
quoteMint returned 974345632907405532903000000
--------------------------------
quoteMint with 1754
quoteMint reverted
--------------------------------
quoteMint with 2931
quoteMint reverted
--------------------------------
quoteMint with 8
quoteMint returned 2351966871312922116715846583440540897708836817522496
--------------------------------
quoteMint with 6707
quoteMint reverted
--------------------------------
quoteMint with 371455774064
quoteMint returned 90717666860636314581865073858111623662910
--------------------------------
quoteMint with 3462
quoteMint reverted
--------------------------------
quoteMint with 59271422834
quoteMint returned 17456294449566803822000000
--------------------------------
quoteMint with 2563
quoteMint reverted
--------------------------------
quoteMint with 1399743656799
quoteMint returned 410715642813010367202000000
--------------------------------
quoteMint with 1405
quoteMint reverted
--------------------------------
quoteMint with 1782
quoteMint reverted
--------------------------------
quoteMint with 35737
quoteMint returned 10526565203406000000
--------------------------------
quoteMint with 2075
quoteMint reverted
--------------------------------
quoteMint with 1431
quoteMint reverted
--------------------------------
quoteMint with 4557
quoteMint reverted
--------------------------------
quoteMint with 14
quoteMint reverted
--------------------------------
quoteMint with 841
quoteMint returned 247586562668000000
--------------------------------
quoteMint with 818137250869
quoteMint reverted
--------------------------------
quoteMint with 19049
quoteMint returned 5610878772548000000
--------------------------------
quoteMint with 3684
quoteMint reverted
--------------------------------
quoteMint with 1
quoteMint reverted
--------------------------------
quoteMint with 5488848523177
quoteMint returned 1596271837475184041739000000
--------------------------------
quoteMint with 19
quoteMint returned 5318088457000000
--------------------------------
quoteMint with 0
quoteMint reverted
--------------------------------
quoteMint with 2797
quoteMint reverted
--------------------------------
quoteMint with 8204550
quoteMint returned 2416756791087703000000
--------------------------------
quoteMint with 9590
quoteMint returned 11140592
--------------------------------
quoteMint with 4291790054
quoteMint reverted
--------------------------------
quoteMint with 153
quoteMint returned 51650076502611032337123373100
--------------------------------
quoteMint with 283110965553
quoteMint returned 83328481416755359445000000
--------------------------------
quoteMint with 88068
quoteMint reverted
--------------------------------
quoteMint with 0
quoteMint reverted
--------------------------------
quoteMint with 1297
quoteMint reverted
--------------------------------
quoteMint with 4349
quoteMint reverted
--------------------------------
quoteMint with 401
quoteMint reverted
--------------------------------
quoteMint with 2627
quoteMint reverted
--------------------------------
quoteMint with 25789470534
quoteMint returned 7596079873186922146000000
--------------------------------
quoteMint with 1270008
quoteMint returned 374097090436339000000
--------------------------------
quoteMint with 169218649257
quoteMint reverted
--------------------------------
quoteMint with 3927028538397
quoteMint returned 10230935424
--------------------------------
quoteMint with 4908
quoteMint returned 1445633712556000000
--------------------------------
quoteMint with 3806842155086
quoteMint returned 1110797602236215036161000000
--------------------------------
quoteMint with 1
quoteMint reverted
--------------------------------
quoteMint with 5
quoteMint returned 1181797434000000
--------------------------------
quoteMint with 372004752510
quoteMint returned 25556669351617243394997086427247252628054501941897901040719843994
--------------------------------
quoteMint with 31835354959
quoteMint returned 17206536952370220668242167149
--------------------------------
quoteMint with 2886922
quoteMint returned 850380360070207000000
--------------------------------
quoteMint with 1067341
quoteMint returned 7157225751923798854792522432956275779518421820955408179700788401476696
--------------------------------
quoteMint with 10961
quoteMint reverted
--------------------------------
quoteMint with 5525168821561
quoteMint returned 1606721526950870213121000000
--------------------------------
quoteMint with 0
quoteMint reverted
--------------------------------
quoteMint with 16303
quoteMint returned 4802233877611000000
--------------------------------
quoteMint with 2191906940686
quoteMint returned 641816325499867632651000000
--------------------------------
quoteMint with 14367991
quoteMint reverted
--------------------------------
